Starting Sanity Check Overfitting Experiment...
{'loss': '1.598', 'grad_norm': '1.383', 'learning_rate': '0.0001983', 'entropy': '1.532', 'num_tokens': '1146', 'mean_token_accuracy': '0.7029', 'epoch': '0.5'}
{'loss': '1.123', 'grad_norm': '1.492', 'learning_rate': '0.000195', 'entropy': '1.227', 'num_tokens': '2377', 'mean_token_accuracy': '0.7751', 'epoch': '1'}
{'loss': '0.7215', 'grad_norm': '1.617', 'learning_rate': '0.0001917', 'entropy': '0.8276', 'num_tokens': '3471', 'mean_token_accuracy': '0.8416', 'epoch': '1.5'}
{'loss': '0.9179', 'grad_norm': '1.797', 'learning_rate': '0.0001883', 'entropy': '0.8627', 'num_tokens': '4754', 'mean_token_accuracy': '0.8007', 'epoch': '2'}
{'loss': '0.5596', 'grad_norm': '1.344', 'learning_rate': '0.000185', 'entropy': '0.6802', 'num_tokens': '6040', 'mean_token_accuracy': '0.8628', 'epoch': '2.5'}
{'loss': '0.5169', 'grad_norm': '1.758', 'learning_rate': '0.0001817', 'entropy': '0.5769', 'num_tokens': '7131', 'mean_token_accuracy': '0.8796', 'epoch': '3'}
{'loss': '0.4543', 'grad_norm': '1.492', 'learning_rate': '0.0001783', 'entropy': '0.4393', 'num_tokens': '8414', 'mean_token_accuracy': '0.883', 'epoch': '3.5'}
{'loss': '0.2315', 'grad_norm': '1.648', 'learning_rate': '0.000175', 'entropy': '0.2602', 'num_tokens': '9508', 'mean_token_accuracy': '0.9266', 'epoch': '4'}
{'loss': '0.1662', 'grad_norm': '1.805', 'learning_rate': '0.0001717', 'entropy': '0.2551', 'num_tokens': '1.059e+04', 'mean_token_accuracy': '0.951', 'epoch': '4.5'}
{'loss': '0.2187', 'grad_norm': '2.016', 'learning_rate': '0.0001683', 'entropy': '0.2016', 'num_tokens': '1.188e+04', 'mean_token_accuracy': '0.9382', 'epoch': '5'}
{'loss': '0.07133', 'grad_norm': '1.445', 'learning_rate': '0.000165', 'entropy': '0.1045', 'num_tokens': '1.302e+04', 'mean_token_accuracy': '0.9763', 'epoch': '5.5'}
{'loss': '0.1345', 'grad_norm': '1.805', 'learning_rate': '0.0001617', 'entropy': '0.1808', 'num_tokens': '1.426e+04', 'mean_token_accuracy': '0.9558', 'epoch': '6'}
{'loss': '0.0386', 'grad_norm': '1.25', 'learning_rate': '0.0001583', 'entropy': '0.06412', 'num_tokens': '1.537e+04', 'mean_token_accuracy': '0.9892', 'epoch': '6.5'}
{'loss': '0.0824', 'grad_norm': '1.117', 'learning_rate': '0.000155', 'entropy': '0.09017', 'num_tokens': '1.664e+04', 'mean_token_accuracy': '0.9747', 'epoch': '7'}
{'loss': '0.04471', 'grad_norm': '1.641', 'learning_rate': '0.0001517', 'entropy': '0.06597', 'num_tokens': '1.785e+04', 'mean_token_accuracy': '0.9872', 'epoch': '7.5'}
{'loss': '0.0473', 'grad_norm': '1.273', 'learning_rate': '0.0001483', 'entropy': '0.05534', 'num_tokens': '1.902e+04', 'mean_token_accuracy': '0.9811', 'epoch': '8'}
{'loss': '0.03325', 'grad_norm': '0.8203', 'learning_rate': '0.000145', 'entropy': '0.04309', 'num_tokens': '2.012e+04', 'mean_token_accuracy': '0.9863', 'epoch': '8.5'}
{'loss': '0.03289', 'grad_norm': '1.469', 'learning_rate': '0.0001417', 'entropy': '0.04281', 'num_tokens': '2.139e+04', 'mean_token_accuracy': '0.9885', 'epoch': '9'}
{'loss': '0.02442', 'grad_norm': '0.5195', 'learning_rate': '0.0001383', 'entropy': '0.03355', 'num_tokens': '2.257e+04', 'mean_token_accuracy': '0.9906', 'epoch': '9.5'}
{'loss': '0.03731', 'grad_norm': '1.398', 'learning_rate': '0.000135', 'entropy': '0.03642', 'num_tokens': '2.377e+04', 'mean_token_accuracy': '0.9885', 'epoch': '10'}
{'loss': '0.02596', 'grad_norm': '1.102', 'learning_rate': '0.0001317', 'entropy': '0.02975', 'num_tokens': '2.487e+04', 'mean_token_accuracy': '0.9902', 'epoch': '10.5'}
{'loss': '0.02846', 'grad_norm': '0.4473', 'learning_rate': '0.0001283', 'entropy': '0.0285', 'num_tokens': '2.615e+04', 'mean_token_accuracy': '0.9883', 'epoch': '11'}
{'loss': '0.02742', 'grad_norm': '1.039', 'learning_rate': '0.000125', 'entropy': '0.03125', 'num_tokens': '2.74e+04', 'mean_token_accuracy': '0.9896', 'epoch': '11.5'}
{'loss': '0.04561', 'grad_norm': '0.7383', 'learning_rate': '0.0001217', 'entropy': '0.02983', 'num_tokens': '2.852e+04', 'mean_token_accuracy': '0.9855', 'epoch': '12'}
{'loss': '0.02079', 'grad_norm': '0.2324', 'learning_rate': '0.0001183', 'entropy': '0.02791', 'num_tokens': '2.966e+04', 'mean_token_accuracy': '0.9914', 'epoch': '12.5'}
{'loss': '0.04014', 'grad_norm': '1.773', 'learning_rate': '0.000115', 'entropy': '0.03996', 'num_tokens': '3.09e+04', 'mean_token_accuracy': '0.9862', 'epoch': '13'}
{'loss': '0.02558', 'grad_norm': '0.2412', 'learning_rate': '0.0001117', 'entropy': '0.04077', 'num_tokens': '3.221e+04', 'mean_token_accuracy': '0.9893', 'epoch': '13.5'}
{'loss': '0.0187', 'grad_norm': '0.2207', 'learning_rate': '0.0001083', 'entropy': '0.02915', 'num_tokens': '3.328e+04', 'mean_token_accuracy': '0.9925', 'epoch': '14'}
{'loss': '0.02509', 'grad_norm': '0.8867', 'learning_rate': '0.000105', 'entropy': '0.03416', 'num_tokens': '3.456e+04', 'mean_token_accuracy': '0.9905', 'epoch': '14.5'}
{'loss': '0.02029', 'grad_norm': '0.2275', 'learning_rate': '0.0001017', 'entropy': '0.0283', 'num_tokens': '3.566e+04', 'mean_token_accuracy': '0.9908', 'epoch': '15'}
{'loss': '0.01837', 'grad_norm': '0.1973', 'learning_rate': '9.833e-05', 'entropy': '0.02563', 'num_tokens': '3.691e+04', 'mean_token_accuracy': '0.993', 'epoch': '15.5'}
{'loss': '0.01463', 'grad_norm': '0.1816', 'learning_rate': '9.5e-05', 'entropy': '0.02142', 'num_tokens': '3.803e+04', 'mean_token_accuracy': '0.9929', 'epoch': '16'}
{'loss': '0.01791', 'grad_norm': '0.2051', 'learning_rate': '9.167e-05', 'entropy': '0.02345', 'num_tokens': '3.912e+04', 'mean_token_accuracy': '0.9935', 'epoch': '16.5'}
{'loss': '0.01453', 'grad_norm': '0.2109', 'learning_rate': '8.833e-05', 'entropy': '0.01682', 'num_tokens': '4.041e+04', 'mean_token_accuracy': '0.9939', 'epoch': '17'}
{'loss': '0.01435', 'grad_norm': '0.208', 'learning_rate': '8.5e-05', 'entropy': '0.02072', 'num_tokens': '4.144e+04', 'mean_token_accuracy': '0.9943', 'epoch': '17.5'}
{'loss': '0.01492', 'grad_norm': '0.1523', 'learning_rate': '8.167e-05', 'entropy': '0.01674', 'num_tokens': '4.279e+04', 'mean_token_accuracy': '0.9924', 'epoch': '18'}
{'loss': '0.01239', 'grad_norm': '0.1436', 'learning_rate': '7.833e-05', 'entropy': '0.01522', 'num_tokens': '4.402e+04', 'mean_token_accuracy': '0.9941', 'epoch': '18.5'}
{'loss': '0.01506', 'grad_norm': '0.1514', 'learning_rate': '7.5e-05', 'entropy': '0.01967', 'num_tokens': '4.516e+04', 'mean_token_accuracy': '0.9958', 'epoch': '19'}
{'loss': '0.01135', 'grad_norm': '0.09229', 'learning_rate': '7.167e-05', 'entropy': '0.01552', 'num_tokens': '4.642e+04', 'mean_token_accuracy': '0.996', 'epoch': '19.5'}
{'loss': '0.01475', 'grad_norm': '0.1406', 'learning_rate': '6.833e-05', 'entropy': '0.01738', 'num_tokens': '4.754e+04', 'mean_token_accuracy': '0.9928', 'epoch': '20'}
{'loss': '0.01144', 'grad_norm': '0.168', 'learning_rate': '6.5e-05', 'entropy': '0.01477', 'num_tokens': '4.878e+04', 'mean_token_accuracy': '0.9955', 'epoch': '20.5'}
{'loss': '0.01187', 'grad_norm': '0.0957', 'learning_rate': '6.167e-05', 'entropy': '0.0153', 'num_tokens': '4.992e+04', 'mean_token_accuracy': '0.9947', 'epoch': '21'}
{'loss': '0.01095', 'grad_norm': '0.1226', 'learning_rate': '5.833e-05', 'entropy': '0.01477', 'num_tokens': '5.099e+04', 'mean_token_accuracy': '0.9963', 'epoch': '21.5'}
{'loss': '0.011', 'grad_norm': '0.1562', 'learning_rate': '5.5e-05', 'entropy': '0.01327', 'num_tokens': '5.229e+04', 'mean_token_accuracy': '0.9946', 'epoch': '22'}
{'loss': '0.01061', 'grad_norm': '0.1357', 'learning_rate': '5.167e-05', 'entropy': '0.01317', 'num_tokens': '5.358e+04', 'mean_token_accuracy': '0.9954', 'epoch': '22.5'}
{'loss': '0.01046', 'grad_norm': '0.1143', 'learning_rate': '4.833e-05', 'entropy': '0.01354', 'num_tokens': '5.467e+04', 'mean_token_accuracy': '0.9963', 'epoch': '23'}
{'loss': '0.01076', 'grad_norm': '0.1426', 'learning_rate': '4.5e-05', 'entropy': '0.01416', 'num_tokens': '5.577e+04', 'mean_token_accuracy': '0.9964', 'epoch': '23.5'}
{'loss': '0.00809', 'grad_norm': '0.1328', 'learning_rate': '4.167e-05', 'entropy': '0.01031', 'num_tokens': '5.705e+04', 'mean_token_accuracy': '0.997', 'epoch': '24'}
{'loss': '0.008783', 'grad_norm': '0.08936', 'learning_rate': '3.833e-05', 'entropy': '0.01124', 'num_tokens': '5.818e+04', 'mean_token_accuracy': '0.9965', 'epoch': '24.5'}
{'loss': '0.01001', 'grad_norm': '0.1089', 'learning_rate': '3.5e-05', 'entropy': '0.01199', 'num_tokens': '5.942e+04', 'mean_token_accuracy': '0.9945', 'epoch': '25'}
{'loss': '0.01309', 'grad_norm': '0.5195', 'learning_rate': '3.167e-05', 'entropy': '0.01353', 'num_tokens': '6.052e+04', 'mean_token_accuracy': '0.9955', 'epoch': '25.5'}
{'loss': '0.007732', 'grad_norm': '0.08984', 'learning_rate': '2.833e-05', 'entropy': '0.009769', 'num_tokens': '6.18e+04', 'mean_token_accuracy': '0.9968', 'epoch': '26'}
{'loss': '0.007709', 'grad_norm': '0.08301', 'learning_rate': '2.5e-05', 'entropy': '0.009513', 'num_tokens': '6.309e+04', 'mean_token_accuracy': '0.9968', 'epoch': '26.5'}
{'loss': '0.01052', 'grad_norm': '0.2305', 'learning_rate': '2.167e-05', 'entropy': '0.01334', 'num_tokens': '6.418e+04', 'mean_token_accuracy': '0.9964', 'epoch': '27'}
{'loss': '0.008703', 'grad_norm': '0.1113', 'learning_rate': '1.833e-05', 'entropy': '0.01139', 'num_tokens': '6.532e+04', 'mean_token_accuracy': '0.9974', 'epoch': '27.5'}
{'loss': '0.008506', 'grad_norm': '0.07568', 'learning_rate': '1.5e-05', 'entropy': '0.009776', 'num_tokens': '6.656e+04', 'mean_token_accuracy': '0.996', 'epoch': '28'}
{'loss': '0.00942', 'grad_norm': '0.2617', 'learning_rate': '1.167e-05', 'entropy': '0.0119', 'num_tokens': '6.765e+04', 'mean_token_accuracy': '0.9953', 'epoch': '28.5'}
{'loss': '0.007478', 'grad_norm': '0.103', 'learning_rate': '8.333e-06', 'entropy': '0.00926', 'num_tokens': '6.893e+04', 'mean_token_accuracy': '0.9976', 'epoch': '29'}
{'loss': '0.008063', 'grad_norm': '0.1167', 'learning_rate': '5e-06', 'entropy': '0.01072', 'num_tokens': '7.008e+04', 'mean_token_accuracy': '0.9974', 'epoch': '29.5'}
{'loss': '0.008287', 'grad_norm': '0.2285', 'learning_rate': '1.667e-06', 'entropy': '0.0101', 'num_tokens': '7.131e+04', 'mean_token_accuracy': '0.9966', 'epoch': '30'}
{'train_runtime': '693.1', 'train_samples_per_second': '0.346', 'train_steps_per_second': '0.173', 'train_loss': '0.1279', 'epoch': '30'}
Sanity model successfully saved to ./sanity_check_output
