--- Loading Datasets ---
Loading base model to GPU...
Total experiment configurations to evaluate: 12

============================================================
Running Experiment 1/12
Parameters: LR=0.0001, Epochs=3, Effective Batch=24, LoRA r=16
============================================================
{'loss': '1.134', 'grad_norm': '0.9961', 'learning_rate': '0.0001', 'entropy': '1.151', 'num_tokens': '1.145e+04', 'mean_token_accuracy': '0.7646', 'epoch': '0.24'}
{'loss': '1.069', 'grad_norm': '0.6172', 'learning_rate': '9.333e-05', 'entropy': '1.101', 'num_tokens': '2.286e+04', 'mean_token_accuracy': '0.7713', 'epoch': '0.48'}
{'loss': '0.9918', 'grad_norm': '0.6055', 'learning_rate': '8.667e-05', 'entropy': '1.035', 'num_tokens': '3.416e+04', 'mean_token_accuracy': '0.7824', 'epoch': '0.72'}
{'loss': '0.808', 'grad_norm': '0.5586', 'learning_rate': '8e-05', 'entropy': '0.8435', 'num_tokens': '4.533e+04', 'mean_token_accuracy': '0.8228', 'epoch': '0.96'}
{'loss': '0.8249', 'grad_norm': '0.8125', 'learning_rate': '7.333e-05', 'entropy': '0.884', 'num_tokens': '4.693e+04', 'mean_token_accuracy': '0.8205', 'epoch': '1'}
{'eval_loss': '0.79', 'eval_runtime': '65.02', 'eval_samples_per_second': '0.769', 'eval_steps_per_second': '0.384', 'eval_entropy': '0.8129', 'eval_num_tokens': '4.693e+04', 'eval_mean_token_accuracy': '0.8181', 'epoch': '1'}
{'loss': '0.7923', 'grad_norm': '0.5156', 'learning_rate': '6.667e-05', 'entropy': '0.8259', 'num_tokens': '5.838e+04', 'mean_token_accuracy': '0.8226', 'epoch': '1.24'}
{'loss': '0.7245', 'grad_norm': '0.4863', 'learning_rate': '6e-05', 'entropy': '0.7673', 'num_tokens': '6.97e+04', 'mean_token_accuracy': '0.831', 'epoch': '1.48'}
{'loss': '0.7066', 'grad_norm': '0.4277', 'learning_rate': '5.333e-05', 'entropy': '0.7476', 'num_tokens': '8.084e+04', 'mean_token_accuracy': '0.8387', 'epoch': '1.72'}
{'loss': '0.7051', 'grad_norm': '0.4004', 'learning_rate': '4.667e-05', 'entropy': '0.7525', 'num_tokens': '9.216e+04', 'mean_token_accuracy': '0.8364', 'epoch': '1.96'}
{'loss': '0.5104', 'grad_norm': '0.7461', 'learning_rate': '4e-05', 'entropy': '0.6217', 'num_tokens': '9.387e+04', 'mean_token_accuracy': '0.8753', 'epoch': '2'}
{'eval_loss': '0.6837', 'eval_runtime': '64.7', 'eval_samples_per_second': '0.773', 'eval_steps_per_second': '0.386', 'eval_entropy': '0.7074', 'eval_num_tokens': '9.387e+04', 'eval_mean_token_accuracy': '0.8398', 'epoch': '2'}
{'loss': '0.6861', 'grad_norm': '0.4121', 'learning_rate': '3.333e-05', 'entropy': '0.7237', 'num_tokens': '1.05e+05', 'mean_token_accuracy': '0.8392', 'epoch': '2.24'}
{'loss': '0.6293', 'grad_norm': '0.5625', 'learning_rate': '2.667e-05', 'entropy': '0.6591', 'num_tokens': '1.162e+05', 'mean_token_accuracy': '0.8517', 'epoch': '2.48'}
{'loss': '0.6523', 'grad_norm': '1.531', 'learning_rate': '2e-05', 'entropy': '0.687', 'num_tokens': '1.274e+05', 'mean_token_accuracy': '0.8418', 'epoch': '2.72'}
{'loss': '0.5874', 'grad_norm': '0.4512', 'learning_rate': '1.333e-05', 'entropy': '0.625', 'num_tokens': '1.388e+05', 'mean_token_accuracy': '0.858', 'epoch': '2.96'}
{'loss': '0.6051', 'grad_norm': '0.75', 'learning_rate': '6.667e-06', 'entropy': '0.6121', 'num_tokens': '1.408e+05', 'mean_token_accuracy': '0.8599', 'epoch': '3'}
{'eval_loss': '0.6558', 'eval_runtime': '64.74', 'eval_samples_per_second': '0.772', 'eval_steps_per_second': '0.386', 'eval_entropy': '0.6566', 'eval_num_tokens': '1.408e+05', 'eval_mean_token_accuracy': '0.847', 'epoch': '3'}
{'train_runtime': '1392', 'train_samples_per_second': '0.215', 'train_steps_per_second': '0.011', 'train_loss': '0.7617', 'epoch': '3'}
>> Exp 1 Finished | Validation Loss: 0.6558

============================================================
Running Experiment 2/12
Parameters: LR=0.0001, Epochs=3, Effective Batch=32, LoRA r=16
============================================================
{'loss': '1.135', 'grad_norm': '1.055', 'learning_rate': '0.0001', 'entropy': '1.152', 'num_tokens': '1.532e+04', 'mean_token_accuracy': '0.7628', 'epoch': '0.32'}
{'loss': '1.087', 'grad_norm': '0.6484', 'learning_rate': '9.167e-05', 'entropy': '1.115', 'num_tokens': '3.038e+04', 'mean_token_accuracy': '0.7691', 'epoch': '0.64'}
{'loss': '0.9054', 'grad_norm': '0.6719', 'learning_rate': '8.333e-05', 'entropy': '0.9614', 'num_tokens': '4.533e+04', 'mean_token_accuracy': '0.799', 'epoch': '0.96'}
{'loss': '0.8861', 'grad_norm': '0.8047', 'learning_rate': '7.5e-05', 'entropy': '0.9697', 'num_tokens': '4.693e+04', 'mean_token_accuracy': '0.8152', 'epoch': '1'}
{'eval_loss': '0.8344', 'eval_runtime': '64.63', 'eval_samples_per_second': '0.774', 'eval_steps_per_second': '0.387', 'eval_entropy': '0.8548', 'eval_num_tokens': '4.693e+04', 'eval_mean_token_accuracy': '0.8127', 'epoch': '1'}
{'loss': '0.8415', 'grad_norm': '0.5352', 'learning_rate': '6.667e-05', 'entropy': '0.8702', 'num_tokens': '6.202e+04', 'mean_token_accuracy': '0.8122', 'epoch': '1.32'}
{'loss': '0.7465', 'grad_norm': '0.4688', 'learning_rate': '5.833e-05', 'entropy': '0.7883', 'num_tokens': '7.724e+04', 'mean_token_accuracy': '0.8295', 'epoch': '1.64'}
{'loss': '0.7726', 'grad_norm': '0.4668', 'learning_rate': '5e-05', 'entropy': '0.8052', 'num_tokens': '9.216e+04', 'mean_token_accuracy': '0.8215', 'epoch': '1.96'}
{'loss': '0.5592', 'grad_norm': '0.7812', 'learning_rate': '4.167e-05', 'entropy': '0.6741', 'num_tokens': '9.387e+04', 'mean_token_accuracy': '0.865', 'epoch': '2'}
{'eval_loss': '0.7221', 'eval_runtime': '64.55', 'eval_samples_per_second': '0.775', 'eval_steps_per_second': '0.387', 'eval_entropy': '0.7489', 'eval_num_tokens': '9.387e+04', 'eval_mean_token_accuracy': '0.8304', 'epoch': '2'}
{'loss': '0.7401', 'grad_norm': '0.4258', 'learning_rate': '3.333e-05', 'entropy': '0.7715', 'num_tokens': '1.088e+05', 'mean_token_accuracy': '0.8266', 'epoch': '2.32'}
{'loss': '0.6737', 'grad_norm': '0.3906', 'learning_rate': '2.5e-05', 'entropy': '0.7183', 'num_tokens': '1.237e+05', 'mean_token_accuracy': '0.8466', 'epoch': '2.64'}
{'loss': '0.6408', 'grad_norm': '0.3848', 'learning_rate': '1.667e-05', 'entropy': '0.6932', 'num_tokens': '1.388e+05', 'mean_token_accuracy': '0.8474', 'epoch': '2.96'}
{'loss': '0.6488', 'grad_norm': '0.7969', 'learning_rate': '8.333e-06', 'entropy': '0.6698', 'num_tokens': '1.408e+05', 'mean_token_accuracy': '0.8514', 'epoch': '3'}
{'eval_loss': '0.6928', 'eval_runtime': '64.49', 'eval_samples_per_second': '0.775', 'eval_steps_per_second': '0.388', 'eval_entropy': '0.7122', 'eval_num_tokens': '1.408e+05', 'eval_mean_token_accuracy': '0.837', 'epoch': '3'}
{'train_runtime': '1394', 'train_samples_per_second': '0.215', 'train_steps_per_second': '0.009', 'train_loss': '0.8031', 'epoch': '3'}
>> Exp 2 Finished | Validation Loss: 0.6928

============================================================
Running Experiment 3/12
Parameters: LR=0.0001, Epochs=5, Effective Batch=24, LoRA r=16
============================================================
{'loss': '1.134', 'grad_norm': '1.086', 'learning_rate': '0.0001', 'entropy': '1.151', 'num_tokens': '1.145e+04', 'mean_token_accuracy': '0.7646', 'epoch': '0.24'}
{'loss': '1.069', 'grad_norm': '0.6719', 'learning_rate': '9.6e-05', 'entropy': '1.104', 'num_tokens': '2.286e+04', 'mean_token_accuracy': '0.7711', 'epoch': '0.48'}
{'loss': '0.9898', 'grad_norm': '0.6133', 'learning_rate': '9.2e-05', 'entropy': '1.036', 'num_tokens': '3.416e+04', 'mean_token_accuracy': '0.7832', 'epoch': '0.72'}
{'loss': '0.8024', 'grad_norm': '0.5703', 'learning_rate': '8.8e-05', 'entropy': '0.8407', 'num_tokens': '4.533e+04', 'mean_token_accuracy': '0.8222', 'epoch': '0.96'}
{'loss': '0.8149', 'grad_norm': '0.8359', 'learning_rate': '8.4e-05', 'entropy': '0.8788', 'num_tokens': '4.693e+04', 'mean_token_accuracy': '0.8224', 'epoch': '1'}
{'eval_loss': '0.7762', 'eval_runtime': '64.32', 'eval_samples_per_second': '0.777', 'eval_steps_per_second': '0.389', 'eval_entropy': '0.8077', 'eval_num_tokens': '4.693e+04', 'eval_mean_token_accuracy': '0.8192', 'epoch': '1'}
{'loss': '0.7777', 'grad_norm': '0.5234', 'learning_rate': '8e-05', 'entropy': '0.8201', 'num_tokens': '5.838e+04', 'mean_token_accuracy': '0.8227', 'epoch': '1.24'}
{'loss': '0.7084', 'grad_norm': '0.5039', 'learning_rate': '7.6e-05', 'entropy': '0.7526', 'num_tokens': '6.97e+04', 'mean_token_accuracy': '0.8341', 'epoch': '1.48'}
{'loss': '0.6888', 'grad_norm': '0.4277', 'learning_rate': '7.2e-05', 'entropy': '0.7284', 'num_tokens': '8.084e+04', 'mean_token_accuracy': '0.8424', 'epoch': '1.72'}
{'loss': '0.6859', 'grad_norm': '0.4082', 'learning_rate': '6.8e-05', 'entropy': '0.7304', 'num_tokens': '9.216e+04', 'mean_token_accuracy': '0.8399', 'epoch': '1.96'}
{'loss': '0.4836', 'grad_norm': '0.875', 'learning_rate': '6.4e-05', 'entropy': '0.5934', 'num_tokens': '9.387e+04', 'mean_token_accuracy': '0.8786', 'epoch': '2'}
{'eval_loss': '0.67', 'eval_runtime': '64.38', 'eval_samples_per_second': '0.777', 'eval_steps_per_second': '0.388', 'eval_entropy': '0.6645', 'eval_num_tokens': '9.387e+04', 'eval_mean_token_accuracy': '0.8376', 'epoch': '2'}
{'loss': '0.6678', 'grad_norm': '1.688', 'learning_rate': '6e-05', 'entropy': '0.679', 'num_tokens': '1.05e+05', 'mean_token_accuracy': '0.8357', 'epoch': '2.24'}
{'loss': '0.5971', 'grad_norm': '0.8125', 'learning_rate': '5.6e-05', 'entropy': '0.6118', 'num_tokens': '1.162e+05', 'mean_token_accuracy': '0.8613', 'epoch': '2.48'}
{'loss': '0.6204', 'grad_norm': '0.4355', 'learning_rate': '5.2e-05', 'entropy': '0.6302', 'num_tokens': '1.274e+05', 'mean_token_accuracy': '0.8504', 'epoch': '2.72'}
{'loss': '0.5594', 'grad_norm': '0.4023', 'learning_rate': '4.8e-05', 'entropy': '0.5605', 'num_tokens': '1.388e+05', 'mean_token_accuracy': '0.8631', 'epoch': '2.96'}
{'loss': '0.5723', 'grad_norm': '0.7461', 'learning_rate': '4.4e-05', 'entropy': '0.5455', 'num_tokens': '1.408e+05', 'mean_token_accuracy': '0.8609', 'epoch': '3'}
{'eval_loss': '0.6295', 'eval_runtime': '64.29', 'eval_samples_per_second': '0.778', 'eval_steps_per_second': '0.389', 'eval_entropy': '0.5845', 'eval_num_tokens': '1.408e+05', 'eval_mean_token_accuracy': '0.8498', 'epoch': '3'}
{'loss': '0.5718', 'grad_norm': '0.3457', 'learning_rate': '4e-05', 'entropy': '0.5537', 'num_tokens': '1.524e+05', 'mean_token_accuracy': '0.8604', 'epoch': '3.24'}
{'loss': '0.5917', 'grad_norm': '0.3926', 'learning_rate': '3.6e-05', 'entropy': '0.577', 'num_tokens': '1.636e+05', 'mean_token_accuracy': '0.8558', 'epoch': '3.48'}
{'loss': '0.5355', 'grad_norm': '0.4297', 'learning_rate': '3.2e-05', 'entropy': '0.5296', 'num_tokens': '1.744e+05', 'mean_token_accuracy': '0.8705', 'epoch': '3.72'}
{'loss': '0.6196', 'grad_norm': '0.377', 'learning_rate': '2.8e-05', 'entropy': '0.611', 'num_tokens': '1.857e+05', 'mean_token_accuracy': '0.8472', 'epoch': '3.96'}
{'loss': '0.5502', 'grad_norm': '0.6484', 'learning_rate': '2.4e-05', 'entropy': '0.5556', 'num_tokens': '1.877e+05', 'mean_token_accuracy': '0.8655', 'epoch': '4'}
{'eval_loss': '0.6206', 'eval_runtime': '64.29', 'eval_samples_per_second': '0.778', 'eval_steps_per_second': '0.389', 'eval_entropy': '0.5947', 'eval_num_tokens': '1.877e+05', 'eval_mean_token_accuracy': '0.8492', 'epoch': '4'}
{'loss': '0.5267', 'grad_norm': '0.3086', 'learning_rate': '2e-05', 'entropy': '0.542', 'num_tokens': '1.993e+05', 'mean_token_accuracy': '0.8685', 'epoch': '4.24'}
{'loss': '0.6039', 'grad_norm': '0.3164', 'learning_rate': '1.6e-05', 'entropy': '0.6177', 'num_tokens': '2.107e+05', 'mean_token_accuracy': '0.853', 'epoch': '4.48'}
{'loss': '0.5546', 'grad_norm': '0.3242', 'learning_rate': '1.2e-05', 'entropy': '0.5692', 'num_tokens': '2.22e+05', 'mean_token_accuracy': '0.8585', 'epoch': '4.72'}
{'loss': '0.5937', 'grad_norm': '0.3398', 'learning_rate': '8e-06', 'entropy': '0.5955', 'num_tokens': '2.327e+05', 'mean_token_accuracy': '0.8548', 'epoch': '4.96'}
{'loss': '0.4872', 'grad_norm': '0.7656', 'learning_rate': '4e-06', 'entropy': '0.5172', 'num_tokens': '2.347e+05', 'mean_token_accuracy': '0.8857', 'epoch': '5'}
{'eval_loss': '0.617', 'eval_runtime': '64.21', 'eval_samples_per_second': '0.779', 'eval_steps_per_second': '0.389', 'eval_entropy': '0.5952', 'eval_num_tokens': '2.347e+05', 'eval_mean_token_accuracy': '0.85', 'epoch': '5'}
{'train_runtime': '2310', 'train_samples_per_second': '0.216', 'train_steps_per_second': '0.011', 'train_loss': '0.6723', 'epoch': '5'}
>> Exp 3 Finished | Validation Loss: 0.6170

============================================================
Running Experiment 4/12
Parameters: LR=0.0001, Epochs=5, Effective Batch=32, LoRA r=16
============================================================
{'loss': '1.135', 'grad_norm': '1.039', 'learning_rate': '0.0001', 'entropy': '1.152', 'num_tokens': '1.532e+04', 'mean_token_accuracy': '0.7628', 'epoch': '0.32'}
{'loss': '1.087', 'grad_norm': '0.6328', 'learning_rate': '9.5e-05', 'entropy': '1.114', 'num_tokens': '3.038e+04', 'mean_token_accuracy': '0.7701', 'epoch': '0.64'}
{'loss': '0.9032', 'grad_norm': '0.6641', 'learning_rate': '9e-05', 'entropy': '0.9588', 'num_tokens': '4.533e+04', 'mean_token_accuracy': '0.7998', 'epoch': '0.96'}
{'loss': '0.8787', 'grad_norm': '0.8164', 'learning_rate': '8.5e-05', 'entropy': '0.9565', 'num_tokens': '4.693e+04', 'mean_token_accuracy': '0.8157', 'epoch': '1'}
{'eval_loss': '0.8258', 'eval_runtime': '64.22', 'eval_samples_per_second': '0.779', 'eval_steps_per_second': '0.389', 'eval_entropy': '0.8414', 'eval_num_tokens': '4.693e+04', 'eval_mean_token_accuracy': '0.8126', 'epoch': '1'}
{'loss': '0.8323', 'grad_norm': '0.5391', 'learning_rate': '8e-05', 'entropy': '0.8566', 'num_tokens': '6.202e+04', 'mean_token_accuracy': '0.8133', 'epoch': '1.32'}
{'loss': '0.7332', 'grad_norm': '0.4531', 'learning_rate': '7.5e-05', 'entropy': '0.7718', 'num_tokens': '7.724e+04', 'mean_token_accuracy': '0.8304', 'epoch': '1.64'}
{'loss': '0.755', 'grad_norm': '0.4355', 'learning_rate': '7e-05', 'entropy': '0.7831', 'num_tokens': '9.216e+04', 'mean_token_accuracy': '0.8272', 'epoch': '1.96'}
{'loss': '0.5379', 'grad_norm': '0.7578', 'learning_rate': '6.5e-05', 'entropy': '0.6475', 'num_tokens': '9.387e+04', 'mean_token_accuracy': '0.8704', 'epoch': '2'}
{'eval_loss': '0.7007', 'eval_runtime': '64.2', 'eval_samples_per_second': '0.779', 'eval_steps_per_second': '0.389', 'eval_entropy': '0.716', 'eval_num_tokens': '9.387e+04', 'eval_mean_token_accuracy': '0.8363', 'epoch': '2'}
{'loss': '0.7151', 'grad_norm': '0.4141', 'learning_rate': '6e-05', 'entropy': '0.7372', 'num_tokens': '1.088e+05', 'mean_token_accuracy': '0.8318', 'epoch': '2.32'}
{'loss': '0.644', 'grad_norm': '0.4004', 'learning_rate': '5.5e-05', 'entropy': '0.6814', 'num_tokens': '1.237e+05', 'mean_token_accuracy': '0.8516', 'epoch': '2.64'}
{'loss': '0.6035', 'grad_norm': '0.4746', 'learning_rate': '5e-05', 'entropy': '0.6478', 'num_tokens': '1.388e+05', 'mean_token_accuracy': '0.8521', 'epoch': '2.96'}
{'loss': '0.6138', 'grad_norm': '2.234', 'learning_rate': '4.5e-05', 'entropy': '0.6067', 'num_tokens': '1.408e+05', 'mean_token_accuracy': '0.8519', 'epoch': '3'}
{'eval_loss': '0.6473', 'eval_runtime': '64.1', 'eval_samples_per_second': '0.78', 'eval_steps_per_second': '0.39', 'eval_entropy': '0.6403', 'eval_num_tokens': '1.408e+05', 'eval_mean_token_accuracy': '0.849', 'epoch': '3'}
{'loss': '0.5835', 'grad_norm': '0.4355', 'learning_rate': '4e-05', 'entropy': '0.6002', 'num_tokens': '1.561e+05', 'mean_token_accuracy': '0.8626', 'epoch': '3.32'}
{'loss': '0.5882', 'grad_norm': '0.4375', 'learning_rate': '3.5e-05', 'entropy': '0.6031', 'num_tokens': '1.71e+05', 'mean_token_accuracy': '0.8615', 'epoch': '3.64'}
{'loss': '0.6373', 'grad_norm': '0.4434', 'learning_rate': '3e-05', 'entropy': '0.6402', 'num_tokens': '1.857e+05', 'mean_token_accuracy': '0.8456', 'epoch': '3.96'}
{'loss': '0.5665', 'grad_norm': '0.668', 'learning_rate': '2.5e-05', 'entropy': '0.5674', 'num_tokens': '1.877e+05', 'mean_token_accuracy': '0.8625', 'epoch': '4'}
{'eval_loss': '0.6301', 'eval_runtime': '64.23', 'eval_samples_per_second': '0.779', 'eval_steps_per_second': '0.389', 'eval_entropy': '0.6025', 'eval_num_tokens': '1.877e+05', 'eval_mean_token_accuracy': '0.8495', 'epoch': '4'}
{'loss': '0.5563', 'grad_norm': '0.293', 'learning_rate': '2e-05', 'entropy': '0.5673', 'num_tokens': '2.033e+05', 'mean_token_accuracy': '0.8621', 'epoch': '4.32'}
{'loss': '0.6209', 'grad_norm': '0.3125', 'learning_rate': '1.5e-05', 'entropy': '0.6164', 'num_tokens': '2.181e+05', 'mean_token_accuracy': '0.85', 'epoch': '4.64'}
{'loss': '0.5836', 'grad_norm': '0.3086', 'learning_rate': '1e-05', 'entropy': '0.5787', 'num_tokens': '2.327e+05', 'mean_token_accuracy': '0.8574', 'epoch': '4.96'}
{'loss': '0.5052', 'grad_norm': '0.7852', 'learning_rate': '5e-06', 'entropy': '0.5215', 'num_tokens': '2.347e+05', 'mean_token_accuracy': '0.8802', 'epoch': '5'}
{'eval_loss': '0.6255', 'eval_runtime': '64.49', 'eval_samples_per_second': '0.775', 'eval_steps_per_second': '0.388', 'eval_entropy': '0.5968', 'eval_num_tokens': '2.347e+05', 'eval_mean_token_accuracy': '0.8496', 'epoch': '5'}
{'train_runtime': '2306', 'train_samples_per_second': '0.217', 'train_steps_per_second': '0.009', 'train_loss': '0.704', 'epoch': '5'}
>> Exp 4 Finished | Validation Loss: 0.6255

============================================================
Running Experiment 5/12
Parameters: LR=0.0002, Epochs=3, Effective Batch=24, LoRA r=16
============================================================
{'loss': '1.134', 'grad_norm': '1.062', 'learning_rate': '0.0002', 'entropy': '1.151', 'num_tokens': '1.145e+04', 'mean_token_accuracy': '0.7646', 'epoch': '0.24'}
{'loss': '1.037', 'grad_norm': '0.9609', 'learning_rate': '0.0001867', 'entropy': '1.08', 'num_tokens': '2.286e+04', 'mean_token_accuracy': '0.7778', 'epoch': '0.48'}
{'loss': '0.9128', 'grad_norm': '0.4922', 'learning_rate': '0.0001733', 'entropy': '0.94', 'num_tokens': '3.416e+04', 'mean_token_accuracy': '0.7997', 'epoch': '0.72'}
{'loss': '0.7086', 'grad_norm': '0.5234', 'learning_rate': '0.00016', 'entropy': '0.7582', 'num_tokens': '4.533e+04', 'mean_token_accuracy': '0.8354', 'epoch': '0.96'}
{'loss': '0.6998', 'grad_norm': '0.6367', 'learning_rate': '0.0001467', 'entropy': '0.7783', 'num_tokens': '4.693e+04', 'mean_token_accuracy': '0.8449', 'epoch': '1'}
{'eval_loss': '0.697', 'eval_runtime': '64.34', 'eval_samples_per_second': '0.777', 'eval_steps_per_second': '0.389', 'eval_entropy': '0.7341', 'eval_num_tokens': '4.693e+04', 'eval_mean_token_accuracy': '0.8379', 'epoch': '1'}
{'loss': '0.6873', 'grad_norm': '0.4219', 'learning_rate': '0.0001333', 'entropy': '0.7446', 'num_tokens': '5.838e+04', 'mean_token_accuracy': '0.843', 'epoch': '1.24'}
{'loss': '0.6314', 'grad_norm': '0.4648', 'learning_rate': '0.00012', 'entropy': '0.663', 'num_tokens': '6.97e+04', 'mean_token_accuracy': '0.8445', 'epoch': '1.48'}
{'loss': '0.6258', 'grad_norm': '1.734', 'learning_rate': '0.0001067', 'entropy': '0.625', 'num_tokens': '8.084e+04', 'mean_token_accuracy': '0.8548', 'epoch': '1.72'}
{'loss': '0.628', 'grad_norm': '0.4531', 'learning_rate': '9.333e-05', 'entropy': '0.6204', 'num_tokens': '9.216e+04', 'mean_token_accuracy': '0.8486', 'epoch': '1.96'}
{'loss': '0.4281', 'grad_norm': '0.6211', 'learning_rate': '8e-05', 'entropy': '0.4885', 'num_tokens': '9.387e+04', 'mean_token_accuracy': '0.8932', 'epoch': '2'}
{'eval_loss': '0.6322', 'eval_runtime': '64.22', 'eval_samples_per_second': '0.779', 'eval_steps_per_second': '0.389', 'eval_entropy': '0.5892', 'eval_num_tokens': '9.387e+04', 'eval_mean_token_accuracy': '0.8499', 'epoch': '2'}
{'loss': '0.6188', 'grad_norm': '0.332', 'learning_rate': '6.667e-05', 'entropy': '0.6011', 'num_tokens': '1.05e+05', 'mean_token_accuracy': '0.8502', 'epoch': '2.24'}
{'loss': '0.5678', 'grad_norm': '0.3184', 'learning_rate': '5.333e-05', 'entropy': '0.5494', 'num_tokens': '1.162e+05', 'mean_token_accuracy': '0.865', 'epoch': '2.48'}
{'loss': '0.6021', 'grad_norm': '0.3418', 'learning_rate': '4e-05', 'entropy': '0.5952', 'num_tokens': '1.274e+05', 'mean_token_accuracy': '0.8531', 'epoch': '2.72'}
{'loss': '0.5431', 'grad_norm': '0.332', 'learning_rate': '2.667e-05', 'entropy': '0.5386', 'num_tokens': '1.388e+05', 'mean_token_accuracy': '0.8651', 'epoch': '2.96'}
{'loss': '0.5563', 'grad_norm': '0.6055', 'learning_rate': '1.333e-05', 'entropy': '0.5316', 'num_tokens': '1.408e+05', 'mean_token_accuracy': '0.8618', 'epoch': '3'}
{'eval_loss': '0.6239', 'eval_runtime': '63.99', 'eval_samples_per_second': '0.781', 'eval_steps_per_second': '0.391', 'eval_entropy': '0.5827', 'eval_num_tokens': '1.408e+05', 'eval_mean_token_accuracy': '0.8511', 'epoch': '3'}
{'train_runtime': '1389', 'train_samples_per_second': '0.216', 'train_steps_per_second': '0.011', 'train_loss': '0.692', 'epoch': '3'}
>> Exp 5 Finished | Validation Loss: 0.6239

============================================================
Running Experiment 6/12
Parameters: LR=0.0002, Epochs=3, Effective Batch=32, LoRA r=16
============================================================
{'loss': '1.135', 'grad_norm': '1.055', 'learning_rate': '0.0002', 'entropy': '1.152', 'num_tokens': '1.532e+04', 'mean_token_accuracy': '0.7628', 'epoch': '0.32'}
{'loss': '1.052', 'grad_norm': '0.9492', 'learning_rate': '0.0001833', 'entropy': '1.085', 'num_tokens': '3.038e+04', 'mean_token_accuracy': '0.7749', 'epoch': '0.64'}
{'loss': '0.8179', 'grad_norm': '0.5078', 'learning_rate': '0.0001667', 'entropy': '0.8645', 'num_tokens': '4.533e+04', 'mean_token_accuracy': '0.8191', 'epoch': '0.96'}
{'loss': '0.7737', 'grad_norm': '0.7109', 'learning_rate': '0.00015', 'entropy': '0.8632', 'num_tokens': '4.693e+04', 'mean_token_accuracy': '0.8319', 'epoch': '1'}
{'eval_loss': '0.7322', 'eval_runtime': '64.11', 'eval_samples_per_second': '0.78', 'eval_steps_per_second': '0.39', 'eval_entropy': '0.7687', 'eval_num_tokens': '4.693e+04', 'eval_mean_token_accuracy': '0.8314', 'epoch': '1'}
{'loss': '0.729', 'grad_norm': '0.3672', 'learning_rate': '0.0001333', 'entropy': '0.7803', 'num_tokens': '6.202e+04', 'mean_token_accuracy': '0.8342', 'epoch': '1.32'}
{'loss': '0.6462', 'grad_norm': '0.3594', 'learning_rate': '0.0001167', 'entropy': '0.6899', 'num_tokens': '7.724e+04', 'mean_token_accuracy': '0.8495', 'epoch': '1.64'}
{'loss': '0.6738', 'grad_norm': '0.3672', 'learning_rate': '0.0001', 'entropy': '0.6955', 'num_tokens': '9.216e+04', 'mean_token_accuracy': '0.8387', 'epoch': '1.96'}
{'loss': '0.4575', 'grad_norm': '1.055', 'learning_rate': '8.333e-05', 'entropy': '0.5504', 'num_tokens': '9.387e+04', 'mean_token_accuracy': '0.8862', 'epoch': '2'}
{'eval_loss': '0.6457', 'eval_runtime': '64.11', 'eval_samples_per_second': '0.78', 'eval_steps_per_second': '0.39', 'eval_entropy': '0.6279', 'eval_num_tokens': '9.387e+04', 'eval_mean_token_accuracy': '0.8481', 'epoch': '2'}
{'loss': '0.6485', 'grad_norm': '0.4551', 'learning_rate': '6.667e-05', 'entropy': '0.6454', 'num_tokens': '1.088e+05', 'mean_token_accuracy': '0.8451', 'epoch': '2.32'}
{'loss': '0.5889', 'grad_norm': '0.3105', 'learning_rate': '5e-05', 'entropy': '0.5878', 'num_tokens': '1.237e+05', 'mean_token_accuracy': '0.8614', 'epoch': '2.64'}
{'loss': '0.5616', 'grad_norm': '0.3086', 'learning_rate': '3.333e-05', 'entropy': '0.564', 'num_tokens': '1.388e+05', 'mean_token_accuracy': '0.8613', 'epoch': '2.96'}
{'loss': '0.576', 'grad_norm': '0.6758', 'learning_rate': '1.667e-05', 'entropy': '0.5459', 'num_tokens': '1.408e+05', 'mean_token_accuracy': '0.8589', 'epoch': '3'}
{'eval_loss': '0.6308', 'eval_runtime': '64.05', 'eval_samples_per_second': '0.781', 'eval_steps_per_second': '0.39', 'eval_entropy': '0.5908', 'eval_num_tokens': '1.408e+05', 'eval_mean_token_accuracy': '0.8501', 'epoch': '3'}
{'train_runtime': '1383', 'train_samples_per_second': '0.217', 'train_steps_per_second': '0.009', 'train_loss': '0.7216', 'epoch': '3'}
>> Exp 6 Finished | Validation Loss: 0.6308

============================================================
Running Experiment 7/12
Parameters: LR=0.0002, Epochs=5, Effective Batch=24, LoRA r=16
============================================================
{'loss': '1.134', 'grad_norm': '1.086', 'learning_rate': '0.0002', 'entropy': '1.151', 'num_tokens': '1.145e+04', 'mean_token_accuracy': '0.7646', 'epoch': '0.24'}
{'loss': '1.038', 'grad_norm': '0.9961', 'learning_rate': '0.000192', 'entropy': '1.083', 'num_tokens': '2.286e+04', 'mean_token_accuracy': '0.7765', 'epoch': '0.48'}
{'loss': '0.9109', 'grad_norm': '0.4941', 'learning_rate': '0.000184', 'entropy': '0.9412', 'num_tokens': '3.416e+04', 'mean_token_accuracy': '0.8003', 'epoch': '0.72'}
{'loss': '0.7029', 'grad_norm': '0.5195', 'learning_rate': '0.000176', 'entropy': '0.7538', 'num_tokens': '4.533e+04', 'mean_token_accuracy': '0.8376', 'epoch': '0.96'}
{'loss': '0.6915', 'grad_norm': '0.6406', 'learning_rate': '0.000168', 'entropy': '0.7677', 'num_tokens': '4.693e+04', 'mean_token_accuracy': '0.8452', 'epoch': '1'}
{'eval_loss': '0.6897', 'eval_runtime': '64.01', 'eval_samples_per_second': '0.781', 'eval_steps_per_second': '0.391', 'eval_entropy': '0.729', 'eval_num_tokens': '4.693e+04', 'eval_mean_token_accuracy': '0.8379', 'epoch': '1'}
{'loss': '0.6785', 'grad_norm': '0.4609', 'learning_rate': '0.00016', 'entropy': '0.7386', 'num_tokens': '5.838e+04', 'mean_token_accuracy': '0.8435', 'epoch': '1.24'}
{'loss': '0.6232', 'grad_norm': '0.5781', 'learning_rate': '0.000152', 'entropy': '0.6506', 'num_tokens': '6.97e+04', 'mean_token_accuracy': '0.8486', 'epoch': '1.48'}
{'loss': '0.608', 'grad_norm': '0.4004', 'learning_rate': '0.000144', 'entropy': '0.5955', 'num_tokens': '8.084e+04', 'mean_token_accuracy': '0.8575', 'epoch': '1.72'}
{'loss': '0.6191', 'grad_norm': '1.094', 'learning_rate': '0.000136', 'entropy': '0.6047', 'num_tokens': '9.216e+04', 'mean_token_accuracy': '0.8486', 'epoch': '1.96'}
{'loss': '0.4282', 'grad_norm': '0.8164', 'learning_rate': '0.000128', 'entropy': '0.4912', 'num_tokens': '9.387e+04', 'mean_token_accuracy': '0.8861', 'epoch': '2'}
{'eval_loss': '0.6281', 'eval_runtime': '64.06', 'eval_samples_per_second': '0.781', 'eval_steps_per_second': '0.39', 'eval_entropy': '0.5739', 'eval_num_tokens': '9.387e+04', 'eval_mean_token_accuracy': '0.8503', 'epoch': '2'}
{'loss': '0.6072', 'grad_norm': '0.3516', 'learning_rate': '0.00012', 'entropy': '0.5846', 'num_tokens': '1.05e+05', 'mean_token_accuracy': '0.8509', 'epoch': '2.24'}
{'loss': '0.5549', 'grad_norm': '0.3145', 'learning_rate': '0.000112', 'entropy': '0.5304', 'num_tokens': '1.162e+05', 'mean_token_accuracy': '0.8677', 'epoch': '2.48'}
{'loss': '0.5908', 'grad_norm': '0.3613', 'learning_rate': '0.000104', 'entropy': '0.5868', 'num_tokens': '1.274e+05', 'mean_token_accuracy': '0.8548', 'epoch': '2.72'}
{'loss': '0.5292', 'grad_norm': '0.3164', 'learning_rate': '9.6e-05', 'entropy': '0.5331', 'num_tokens': '1.388e+05', 'mean_token_accuracy': '0.8677', 'epoch': '2.96'}
{'loss': '0.5436', 'grad_norm': '0.5859', 'learning_rate': '8.8e-05', 'entropy': '0.5375', 'num_tokens': '1.408e+05', 'mean_token_accuracy': '0.8668', 'epoch': '3'}
{'eval_loss': '0.6085', 'eval_runtime': '64.17', 'eval_samples_per_second': '0.779', 'eval_steps_per_second': '0.39', 'eval_entropy': '0.5894', 'eval_num_tokens': '1.408e+05', 'eval_mean_token_accuracy': '0.8517', 'epoch': '3'}
{'loss': '0.5347', 'grad_norm': '0.3008', 'learning_rate': '8e-05', 'entropy': '0.5555', 'num_tokens': '1.524e+05', 'mean_token_accuracy': '0.8661', 'epoch': '3.24'}
{'loss': '0.5519', 'grad_norm': '0.3184', 'learning_rate': '7.2e-05', 'entropy': '0.5783', 'num_tokens': '1.636e+05', 'mean_token_accuracy': '0.8611', 'epoch': '3.48'}
{'loss': '0.4943', 'grad_norm': '0.3594', 'learning_rate': '6.4e-05', 'entropy': '0.5217', 'num_tokens': '1.744e+05', 'mean_token_accuracy': '0.8755', 'epoch': '3.72'}
{'loss': '0.5767', 'grad_norm': '0.3809', 'learning_rate': '5.6e-05', 'entropy': '0.5958', 'num_tokens': '1.857e+05', 'mean_token_accuracy': '0.8528', 'epoch': '3.96'}
{'loss': '0.5113', 'grad_norm': '0.5859', 'learning_rate': '4.8e-05', 'entropy': '0.5387', 'num_tokens': '1.877e+05', 'mean_token_accuracy': '0.8713', 'epoch': '4'}
{'eval_loss': '0.6029', 'eval_runtime': '64.18', 'eval_samples_per_second': '0.779', 'eval_steps_per_second': '0.39', 'eval_entropy': '0.571', 'eval_num_tokens': '1.877e+05', 'eval_mean_token_accuracy': '0.8517', 'epoch': '4'}
{'loss': '0.483', 'grad_norm': '0.3203', 'learning_rate': '4e-05', 'entropy': '0.5078', 'num_tokens': '1.993e+05', 'mean_token_accuracy': '0.8752', 'epoch': '4.24'}
{'loss': '0.5537', 'grad_norm': '0.3223', 'learning_rate': '3.2e-05', 'entropy': '0.5789', 'num_tokens': '2.107e+05', 'mean_token_accuracy': '0.8604', 'epoch': '4.48'}
{'loss': '0.5041', 'grad_norm': '0.3418', 'learning_rate': '2.4e-05', 'entropy': '0.5253', 'num_tokens': '2.22e+05', 'mean_token_accuracy': '0.8683', 'epoch': '4.72'}
{'loss': '0.5475', 'grad_norm': '0.3633', 'learning_rate': '1.6e-05', 'entropy': '0.5481', 'num_tokens': '2.327e+05', 'mean_token_accuracy': '0.8601', 'epoch': '4.96'}
{'loss': '0.4332', 'grad_norm': '0.7344', 'learning_rate': '8e-06', 'entropy': '0.4648', 'num_tokens': '2.347e+05', 'mean_token_accuracy': '0.893', 'epoch': '5'}
{'eval_loss': '0.6002', 'eval_runtime': '64.21', 'eval_samples_per_second': '0.779', 'eval_steps_per_second': '0.389', 'eval_entropy': '0.554', 'eval_num_tokens': '2.347e+05', 'eval_mean_token_accuracy': '0.8532', 'epoch': '5'}
{'train_runtime': '2303', 'train_samples_per_second': '0.217', 'train_steps_per_second': '0.011', 'train_loss': '0.618', 'epoch': '5'}
>> Exp 7 Finished | Validation Loss: 0.6002

============================================================
Running Experiment 8/12
Parameters: LR=0.0002, Epochs=5, Effective Batch=32, LoRA r=16
============================================================
{'loss': '1.135', 'grad_norm': '1.039', 'learning_rate': '0.0002', 'entropy': '1.152', 'num_tokens': '1.532e+04', 'mean_token_accuracy': '0.7628', 'epoch': '0.32'}
{'loss': '1.05', 'grad_norm': '0.9102', 'learning_rate': '0.00019', 'entropy': '1.084', 'num_tokens': '3.038e+04', 'mean_token_accuracy': '0.7757', 'epoch': '0.64'}
{'loss': '0.815', 'grad_norm': '0.5156', 'learning_rate': '0.00018', 'entropy': '0.8583', 'num_tokens': '4.533e+04', 'mean_token_accuracy': '0.819', 'epoch': '0.96'}
{'loss': '0.763', 'grad_norm': '0.7031', 'learning_rate': '0.00017', 'entropy': '0.8507', 'num_tokens': '4.693e+04', 'mean_token_accuracy': '0.8375', 'epoch': '1'}
{'eval_loss': '0.7237', 'eval_runtime': '64.19', 'eval_samples_per_second': '0.779', 'eval_steps_per_second': '0.389', 'eval_entropy': '0.7516', 'eval_num_tokens': '4.693e+04', 'eval_mean_token_accuracy': '0.832', 'epoch': '1'}
{'loss': '0.7189', 'grad_norm': '0.377', 'learning_rate': '0.00016', 'entropy': '0.7636', 'num_tokens': '6.202e+04', 'mean_token_accuracy': '0.8355', 'epoch': '1.32'}
{'loss': '0.636', 'grad_norm': '0.3652', 'learning_rate': '0.00015', 'entropy': '0.6775', 'num_tokens': '7.724e+04', 'mean_token_accuracy': '0.8504', 'epoch': '1.64'}
{'loss': '0.6591', 'grad_norm': '0.3867', 'learning_rate': '0.00014', 'entropy': '0.6726', 'num_tokens': '9.216e+04', 'mean_token_accuracy': '0.8461', 'epoch': '1.96'}
{'loss': '0.4441', 'grad_norm': '1.562', 'learning_rate': '0.00013', 'entropy': '0.52', 'num_tokens': '9.387e+04', 'mean_token_accuracy': '0.889', 'epoch': '2'}
{'eval_loss': '0.6414', 'eval_runtime': '64.15', 'eval_samples_per_second': '0.779', 'eval_steps_per_second': '0.39', 'eval_entropy': '0.5937', 'eval_num_tokens': '9.387e+04', 'eval_mean_token_accuracy': '0.8457', 'epoch': '2'}
{'loss': '0.6378', 'grad_norm': '1.531', 'learning_rate': '0.00012', 'entropy': '0.6108', 'num_tokens': '1.088e+05', 'mean_token_accuracy': '0.8442', 'epoch': '2.32'}
{'loss': '0.5824', 'grad_norm': '0.5898', 'learning_rate': '0.00011', 'entropy': '0.566', 'num_tokens': '1.237e+05', 'mean_token_accuracy': '0.8614', 'epoch': '2.64'}
{'loss': '0.5539', 'grad_norm': '0.5938', 'learning_rate': '0.0001', 'entropy': '0.5504', 'num_tokens': '1.388e+05', 'mean_token_accuracy': '0.8635', 'epoch': '2.96'}
{'loss': '0.5586', 'grad_norm': '0.5781', 'learning_rate': '9e-05', 'entropy': '0.5278', 'num_tokens': '1.408e+05', 'mean_token_accuracy': '0.8638', 'epoch': '3'}
{'eval_loss': '0.6248', 'eval_runtime': '64.15', 'eval_samples_per_second': '0.779', 'eval_steps_per_second': '0.39', 'eval_entropy': '0.5847', 'eval_num_tokens': '1.408e+05', 'eval_mean_token_accuracy': '0.8503', 'epoch': '3'}
{'loss': '0.5462', 'grad_norm': '0.2812', 'learning_rate': '8e-05', 'entropy': '0.5397', 'num_tokens': '1.561e+05', 'mean_token_accuracy': '0.8657', 'epoch': '3.32'}
{'loss': '0.5561', 'grad_norm': '0.3359', 'learning_rate': '7e-05', 'entropy': '0.5604', 'num_tokens': '1.71e+05', 'mean_token_accuracy': '0.8644', 'epoch': '3.64'}
{'loss': '0.6058', 'grad_norm': '0.3496', 'learning_rate': '6e-05', 'entropy': '0.6155', 'num_tokens': '1.857e+05', 'mean_token_accuracy': '0.8505', 'epoch': '3.96'}
{'loss': '0.5358', 'grad_norm': '0.5117', 'learning_rate': '5e-05', 'entropy': '0.5638', 'num_tokens': '1.877e+05', 'mean_token_accuracy': '0.8684', 'epoch': '4'}
{'eval_loss': '0.6147', 'eval_runtime': '64.17', 'eval_samples_per_second': '0.779', 'eval_steps_per_second': '0.39', 'eval_entropy': '0.6045', 'eval_num_tokens': '1.877e+05', 'eval_mean_token_accuracy': '0.8504', 'epoch': '4'}
{'loss': '0.5227', 'grad_norm': '0.2598', 'learning_rate': '4e-05', 'entropy': '0.5618', 'num_tokens': '2.033e+05', 'mean_token_accuracy': '0.8678', 'epoch': '4.32'}
{'loss': '0.587', 'grad_norm': '0.2812', 'learning_rate': '3e-05', 'entropy': '0.6148', 'num_tokens': '2.181e+05', 'mean_token_accuracy': '0.8554', 'epoch': '4.64'}
{'loss': '0.5509', 'grad_norm': '0.2715', 'learning_rate': '2e-05', 'entropy': '0.5712', 'num_tokens': '2.327e+05', 'mean_token_accuracy': '0.8606', 'epoch': '4.96'}
{'loss': '0.4646', 'grad_norm': '0.668', 'learning_rate': '1e-05', 'entropy': '0.5108', 'num_tokens': '2.347e+05', 'mean_token_accuracy': '0.8873', 'epoch': '5'}
{'eval_loss': '0.612', 'eval_runtime': '64.11', 'eval_samples_per_second': '0.78', 'eval_steps_per_second': '0.39', 'eval_entropy': '0.5915', 'eval_num_tokens': '2.347e+05', 'eval_mean_token_accuracy': '0.8509', 'epoch': '5'}
{'train_runtime': '2304', 'train_samples_per_second': '0.217', 'train_steps_per_second': '0.009', 'train_loss': '0.6461', 'epoch': '5'}
>> Exp 8 Finished | Validation Loss: 0.6120

============================================================
Running Experiment 9/12
Parameters: LR=0.0003, Epochs=3, Effective Batch=24, LoRA r=16
============================================================
{'loss': '1.134', 'grad_norm': '1.062', 'learning_rate': '0.0003', 'entropy': '1.151', 'num_tokens': '1.145e+04', 'mean_token_accuracy': '0.7646', 'epoch': '0.24'}
{'loss': '1.039', 'grad_norm': '1.352', 'learning_rate': '0.00028', 'entropy': '1.083', 'num_tokens': '2.286e+04', 'mean_token_accuracy': '0.7801', 'epoch': '0.48'}
{'loss': '0.8789', 'grad_norm': '0.4824', 'learning_rate': '0.00026', 'entropy': '0.9024', 'num_tokens': '3.416e+04', 'mean_token_accuracy': '0.8036', 'epoch': '0.72'}
{'loss': '0.6649', 'grad_norm': '0.5273', 'learning_rate': '0.00024', 'entropy': '0.7361', 'num_tokens': '4.533e+04', 'mean_token_accuracy': '0.8452', 'epoch': '0.96'}
{'loss': '0.6547', 'grad_norm': '0.707', 'learning_rate': '0.00022', 'entropy': '0.7308', 'num_tokens': '4.693e+04', 'mean_token_accuracy': '0.8514', 'epoch': '1'}
{'eval_loss': '0.6701', 'eval_runtime': '64.05', 'eval_samples_per_second': '0.781', 'eval_steps_per_second': '0.39', 'eval_entropy': '0.6794', 'eval_num_tokens': '4.693e+04', 'eval_mean_token_accuracy': '0.8437', 'epoch': '1'}
{'loss': '0.6519', 'grad_norm': '0.4199', 'learning_rate': '0.0002', 'entropy': '0.6885', 'num_tokens': '5.838e+04', 'mean_token_accuracy': '0.8524', 'epoch': '1.24'}
{'loss': '0.6132', 'grad_norm': '0.418', 'learning_rate': '0.00018', 'entropy': '0.5683', 'num_tokens': '6.97e+04', 'mean_token_accuracy': '0.85', 'epoch': '1.48'}
{'loss': '0.5985', 'grad_norm': '0.334', 'learning_rate': '0.00016', 'entropy': '0.5671', 'num_tokens': '8.084e+04', 'mean_token_accuracy': '0.8578', 'epoch': '1.72'}
{'loss': '0.6126', 'grad_norm': '0.3027', 'learning_rate': '0.00014', 'entropy': '0.6258', 'num_tokens': '9.216e+04', 'mean_token_accuracy': '0.8501', 'epoch': '1.96'}
{'loss': '0.4252', 'grad_norm': '0.6445', 'learning_rate': '0.00012', 'entropy': '0.5114', 'num_tokens': '9.387e+04', 'mean_token_accuracy': '0.8878', 'epoch': '2'}
{'eval_loss': '0.6225', 'eval_runtime': '64.17', 'eval_samples_per_second': '0.779', 'eval_steps_per_second': '0.39', 'eval_entropy': '0.6009', 'eval_num_tokens': '9.387e+04', 'eval_mean_token_accuracy': '0.8505', 'epoch': '2'}
{'loss': '0.6013', 'grad_norm': '0.3105', 'learning_rate': '0.0001', 'entropy': '0.6157', 'num_tokens': '1.05e+05', 'mean_token_accuracy': '0.8534', 'epoch': '2.24'}
{'loss': '0.5475', 'grad_norm': '0.2812', 'learning_rate': '8e-05', 'entropy': '0.5411', 'num_tokens': '1.162e+05', 'mean_token_accuracy': '0.8678', 'epoch': '2.48'}
{'loss': '0.5851', 'grad_norm': '0.3281', 'learning_rate': '6e-05', 'entropy': '0.5817', 'num_tokens': '1.274e+05', 'mean_token_accuracy': '0.8554', 'epoch': '2.72'}
{'loss': '0.5248', 'grad_norm': '0.2891', 'learning_rate': '4e-05', 'entropy': '0.5185', 'num_tokens': '1.388e+05', 'mean_token_accuracy': '0.8682', 'epoch': '2.96'}
{'loss': '0.541', 'grad_norm': '0.5273', 'learning_rate': '2e-05', 'entropy': '0.5124', 'num_tokens': '1.408e+05', 'mean_token_accuracy': '0.8658', 'epoch': '3'}
{'eval_loss': '0.6126', 'eval_runtime': '64.23', 'eval_samples_per_second': '0.778', 'eval_steps_per_second': '0.389', 'eval_entropy': '0.5661', 'eval_num_tokens': '1.408e+05', 'eval_mean_token_accuracy': '0.8527', 'epoch': '3'}
{'train_runtime': '1385', 'train_samples_per_second': '0.217', 'train_steps_per_second': '0.011', 'train_loss': '0.6715', 'epoch': '3'}
>> Exp 9 Finished | Validation Loss: 0.6126

============================================================
Running Experiment 10/12
Parameters: LR=0.0003, Epochs=3, Effective Batch=32, LoRA r=16
============================================================
{'loss': '1.135', 'grad_norm': '1.055', 'learning_rate': '0.0003', 'entropy': '1.152', 'num_tokens': '1.532e+04', 'mean_token_accuracy': '0.7628', 'epoch': '0.32'}
{'loss': '1.054', 'grad_norm': '1.383', 'learning_rate': '0.000275', 'entropy': '1.084', 'num_tokens': '3.038e+04', 'mean_token_accuracy': '0.7784', 'epoch': '0.64'}
{'loss': '0.7822', 'grad_norm': '0.5234', 'learning_rate': '0.00025', 'entropy': '0.8268', 'num_tokens': '4.533e+04', 'mean_token_accuracy': '0.8219', 'epoch': '0.96'}
{'loss': '0.7213', 'grad_norm': '0.6641', 'learning_rate': '0.000225', 'entropy': '0.8307', 'num_tokens': '4.693e+04', 'mean_token_accuracy': '0.8471', 'epoch': '1'}
{'eval_loss': '0.7053', 'eval_runtime': '64.53', 'eval_samples_per_second': '0.775', 'eval_steps_per_second': '0.387', 'eval_entropy': '0.7475', 'eval_num_tokens': '4.693e+04', 'eval_mean_token_accuracy': '0.834', 'epoch': '1'}
{'loss': '0.695', 'grad_norm': '0.4531', 'learning_rate': '0.0002', 'entropy': '0.7563', 'num_tokens': '6.202e+04', 'mean_token_accuracy': '0.8377', 'epoch': '1.32'}
{'loss': '0.6113', 'grad_norm': '0.3359', 'learning_rate': '0.000175', 'entropy': '0.6285', 'num_tokens': '7.724e+04', 'mean_token_accuracy': '0.8577', 'epoch': '1.64'}
{'loss': '0.6456', 'grad_norm': '0.3379', 'learning_rate': '0.00015', 'entropy': '0.608', 'num_tokens': '9.216e+04', 'mean_token_accuracy': '0.8468', 'epoch': '1.96'}
{'loss': '0.4334', 'grad_norm': '0.5938', 'learning_rate': '0.000125', 'entropy': '0.4877', 'num_tokens': '9.387e+04', 'mean_token_accuracy': '0.8896', 'epoch': '2'}
{'eval_loss': '0.6318', 'eval_runtime': '64.94', 'eval_samples_per_second': '0.77', 'eval_steps_per_second': '0.385', 'eval_entropy': '0.5877', 'eval_num_tokens': '9.387e+04', 'eval_mean_token_accuracy': '0.8488', 'epoch': '2'}
{'loss': '0.6261', 'grad_norm': '0.2832', 'learning_rate': '0.0001', 'entropy': '0.6041', 'num_tokens': '1.088e+05', 'mean_token_accuracy': '0.8465', 'epoch': '2.32'}
{'loss': '0.5722', 'grad_norm': '0.3008', 'learning_rate': '7.5e-05', 'entropy': '0.5731', 'num_tokens': '1.237e+05', 'mean_token_accuracy': '0.8642', 'epoch': '2.64'}
{'loss': '0.5478', 'grad_norm': '0.2988', 'learning_rate': '5e-05', 'entropy': '0.5612', 'num_tokens': '1.388e+05', 'mean_token_accuracy': '0.8633', 'epoch': '2.96'}
{'loss': '0.5571', 'grad_norm': '0.5586', 'learning_rate': '2.5e-05', 'entropy': '0.5434', 'num_tokens': '1.408e+05', 'mean_token_accuracy': '0.8614', 'epoch': '3'}
{'eval_loss': '0.6208', 'eval_runtime': '64.35', 'eval_samples_per_second': '0.777', 'eval_steps_per_second': '0.388', 'eval_entropy': '0.5923', 'eval_num_tokens': '1.408e+05', 'eval_mean_token_accuracy': '0.851', 'epoch': '3'}
{'train_runtime': '1394', 'train_samples_per_second': '0.215', 'train_steps_per_second': '0.009', 'train_loss': '0.6984', 'epoch': '3'}
>> Exp 10 Finished | Validation Loss: 0.6208

============================================================
Running Experiment 11/12
Parameters: LR=0.0003, Epochs=5, Effective Batch=24, LoRA r=16
============================================================
{'loss': '1.134', 'grad_norm': '1.086', 'learning_rate': '0.0003', 'entropy': '1.151', 'num_tokens': '1.145e+04', 'mean_token_accuracy': '0.7646', 'epoch': '0.24'}
{'loss': '1.043', 'grad_norm': '1.438', 'learning_rate': '0.000288', 'entropy': '1.086', 'num_tokens': '2.286e+04', 'mean_token_accuracy': '0.7778', 'epoch': '0.48'}
{'loss': '0.8791', 'grad_norm': '0.5312', 'learning_rate': '0.000276', 'entropy': '0.9103', 'num_tokens': '3.416e+04', 'mean_token_accuracy': '0.8017', 'epoch': '0.72'}
{'loss': '0.6587', 'grad_norm': '0.5039', 'learning_rate': '0.000264', 'entropy': '0.7319', 'num_tokens': '4.533e+04', 'mean_token_accuracy': '0.8447', 'epoch': '0.96'}
{'loss': '0.6497', 'grad_norm': '0.7422', 'learning_rate': '0.000252', 'entropy': '0.7143', 'num_tokens': '4.693e+04', 'mean_token_accuracy': '0.8526', 'epoch': '1'}
{'eval_loss': '0.6684', 'eval_runtime': '64.02', 'eval_samples_per_second': '0.781', 'eval_steps_per_second': '0.39', 'eval_entropy': '0.6563', 'eval_num_tokens': '4.693e+04', 'eval_mean_token_accuracy': '0.843', 'epoch': '1'}
{'loss': '0.6482', 'grad_norm': '0.4355', 'learning_rate': '0.00024', 'entropy': '0.6645', 'num_tokens': '5.838e+04', 'mean_token_accuracy': '0.8525', 'epoch': '1.24'}
{'loss': '0.6109', 'grad_norm': '0.418', 'learning_rate': '0.000228', 'entropy': '0.5631', 'num_tokens': '6.97e+04', 'mean_token_accuracy': '0.8496', 'epoch': '1.48'}
{'loss': '0.5946', 'grad_norm': '0.3398', 'learning_rate': '0.000216', 'entropy': '0.583', 'num_tokens': '8.084e+04', 'mean_token_accuracy': '0.8579', 'epoch': '1.72'}
{'loss': '0.6121', 'grad_norm': '0.3613', 'learning_rate': '0.000204', 'entropy': '0.648', 'num_tokens': '9.216e+04', 'mean_token_accuracy': '0.8498', 'epoch': '1.96'}
{'loss': '0.4187', 'grad_norm': '0.6133', 'learning_rate': '0.000192', 'entropy': '0.4952', 'num_tokens': '9.387e+04', 'mean_token_accuracy': '0.8873', 'epoch': '2'}
{'eval_loss': '0.6209', 'eval_runtime': '63.95', 'eval_samples_per_second': '0.782', 'eval_steps_per_second': '0.391', 'eval_entropy': '0.557', 'eval_num_tokens': '9.387e+04', 'eval_mean_token_accuracy': '0.8511', 'epoch': '2'}
{'loss': '0.594', 'grad_norm': '0.3711', 'learning_rate': '0.00018', 'entropy': '0.569', 'num_tokens': '1.05e+05', 'mean_token_accuracy': '0.8542', 'epoch': '2.24'}
{'loss': '0.5341', 'grad_norm': '0.3184', 'learning_rate': '0.000168', 'entropy': '0.5086', 'num_tokens': '1.162e+05', 'mean_token_accuracy': '0.8702', 'epoch': '2.48'}
{'loss': '0.5803', 'grad_norm': '0.4316', 'learning_rate': '0.000156', 'entropy': '0.59', 'num_tokens': '1.274e+05', 'mean_token_accuracy': '0.8573', 'epoch': '2.72'}
{'loss': '0.5115', 'grad_norm': '0.334', 'learning_rate': '0.000144', 'entropy': '0.5306', 'num_tokens': '1.388e+05', 'mean_token_accuracy': '0.8693', 'epoch': '2.96'}
{'loss': '0.5264', 'grad_norm': '0.5625', 'learning_rate': '0.000132', 'entropy': '0.5181', 'num_tokens': '1.408e+05', 'mean_token_accuracy': '0.8733', 'epoch': '3'}
{'eval_loss': '0.5994', 'eval_runtime': '64.04', 'eval_samples_per_second': '0.781', 'eval_steps_per_second': '0.39', 'eval_entropy': '0.5689', 'eval_num_tokens': '1.408e+05', 'eval_mean_token_accuracy': '0.8546', 'epoch': '3'}
{'loss': '0.5097', 'grad_norm': '0.3203', 'learning_rate': '0.00012', 'entropy': '0.528', 'num_tokens': '1.524e+05', 'mean_token_accuracy': '0.8701', 'epoch': '3.24'}
{'loss': '0.5274', 'grad_norm': '0.3438', 'learning_rate': '0.000108', 'entropy': '0.5532', 'num_tokens': '1.636e+05', 'mean_token_accuracy': '0.8673', 'epoch': '3.48'}
{'loss': '0.4685', 'grad_norm': '0.3438', 'learning_rate': '9.6e-05', 'entropy': '0.5006', 'num_tokens': '1.744e+05', 'mean_token_accuracy': '0.8807', 'epoch': '3.72'}
{'loss': '0.5481', 'grad_norm': '0.3711', 'learning_rate': '8.4e-05', 'entropy': '0.5679', 'num_tokens': '1.857e+05', 'mean_token_accuracy': '0.86', 'epoch': '3.96'}
{'loss': '0.4886', 'grad_norm': '0.5156', 'learning_rate': '7.2e-05', 'entropy': '0.5141', 'num_tokens': '1.877e+05', 'mean_token_accuracy': '0.8748', 'epoch': '4'}
{'eval_loss': '0.5973', 'eval_runtime': '64.2', 'eval_samples_per_second': '0.779', 'eval_steps_per_second': '0.389', 'eval_entropy': '0.5406', 'eval_num_tokens': '1.877e+05', 'eval_mean_token_accuracy': '0.8548', 'epoch': '4'}
{'loss': '0.4528', 'grad_norm': '0.2695', 'learning_rate': '6e-05', 'entropy': '0.4723', 'num_tokens': '1.993e+05', 'mean_token_accuracy': '0.884', 'epoch': '4.24'}
{'loss': '0.519', 'grad_norm': '0.2734', 'learning_rate': '4.8e-05', 'entropy': '0.5314', 'num_tokens': '2.107e+05', 'mean_token_accuracy': '0.8701', 'epoch': '4.48'}
{'loss': '0.4729', 'grad_norm': '0.2812', 'learning_rate': '3.6e-05', 'entropy': '0.4789', 'num_tokens': '2.22e+05', 'mean_token_accuracy': '0.8758', 'epoch': '4.72'}
{'loss': '0.515', 'grad_norm': '0.2793', 'learning_rate': '2.4e-05', 'entropy': '0.5', 'num_tokens': '2.327e+05', 'mean_token_accuracy': '0.8659', 'epoch': '4.96'}
{'loss': '0.3971', 'grad_norm': '0.6328', 'learning_rate': '1.2e-05', 'entropy': '0.4142', 'num_tokens': '2.347e+05', 'mean_token_accuracy': '0.8997', 'epoch': '5'}
{'eval_loss': '0.5944', 'eval_runtime': '64.14', 'eval_samples_per_second': '0.78', 'eval_steps_per_second': '0.39', 'eval_entropy': '0.5141', 'eval_num_tokens': '2.347e+05', 'eval_mean_token_accuracy': '0.856', 'epoch': '5'}
{'train_runtime': '2303', 'train_samples_per_second': '0.217', 'train_steps_per_second': '0.011', 'train_loss': '0.5958', 'epoch': '5'}
>> Exp 11 Finished | Validation Loss: 0.5944

============================================================
Running Experiment 12/12
Parameters: LR=0.0003, Epochs=5, Effective Batch=32, LoRA r=16
============================================================
{'loss': '1.135', 'grad_norm': '1.039', 'learning_rate': '0.0003', 'entropy': '1.152', 'num_tokens': '1.532e+04', 'mean_token_accuracy': '0.7628', 'epoch': '0.32'}
{'loss': '1.05', 'grad_norm': '1.305', 'learning_rate': '0.000285', 'entropy': '1.082', 'num_tokens': '3.038e+04', 'mean_token_accuracy': '0.779', 'epoch': '0.64'}
{'loss': '0.7795', 'grad_norm': '0.5234', 'learning_rate': '0.00027', 'entropy': '0.8171', 'num_tokens': '4.533e+04', 'mean_token_accuracy': '0.8217', 'epoch': '0.96'}
{'loss': '0.7154', 'grad_norm': '0.668', 'learning_rate': '0.000255', 'entropy': '0.8199', 'num_tokens': '4.693e+04', 'mean_token_accuracy': '0.8442', 'epoch': '1'}
{'eval_loss': '0.7031', 'eval_runtime': '64.34', 'eval_samples_per_second': '0.777', 'eval_steps_per_second': '0.389', 'eval_entropy': '0.7383', 'eval_num_tokens': '4.693e+04', 'eval_mean_token_accuracy': '0.8337', 'epoch': '1'}
{'loss': '0.6911', 'grad_norm': '0.5039', 'learning_rate': '0.00024', 'entropy': '0.7454', 'num_tokens': '6.202e+04', 'mean_token_accuracy': '0.8374', 'epoch': '1.32'}
{'loss': '0.6067', 'grad_norm': '0.3535', 'learning_rate': '0.000225', 'entropy': '0.5981', 'num_tokens': '7.724e+04', 'mean_token_accuracy': '0.8574', 'epoch': '1.64'}
{'loss': '0.6416', 'grad_norm': '0.3594', 'learning_rate': '0.00021', 'entropy': '0.5951', 'num_tokens': '9.216e+04', 'mean_token_accuracy': '0.8454', 'epoch': '1.96'}
{'loss': '0.4306', 'grad_norm': '0.6602', 'learning_rate': '0.000195', 'entropy': '0.4933', 'num_tokens': '9.387e+04', 'mean_token_accuracy': '0.8848', 'epoch': '2'}
{'eval_loss': '0.636', 'eval_runtime': '64.56', 'eval_samples_per_second': '0.775', 'eval_steps_per_second': '0.387', 'eval_entropy': '0.5965', 'eval_num_tokens': '9.387e+04', 'eval_mean_token_accuracy': '0.847', 'epoch': '2'}
{'loss': '0.6262', 'grad_norm': '1.109', 'learning_rate': '0.00018', 'entropy': '0.6132', 'num_tokens': '1.088e+05', 'mean_token_accuracy': '0.8444', 'epoch': '2.32'}
{'loss': '0.5675', 'grad_norm': '0.3223', 'learning_rate': '0.000165', 'entropy': '0.569', 'num_tokens': '1.237e+05', 'mean_token_accuracy': '0.8641', 'epoch': '2.64'}
{'loss': '0.5415', 'grad_norm': '0.2852', 'learning_rate': '0.00015', 'entropy': '0.5526', 'num_tokens': '1.388e+05', 'mean_token_accuracy': '0.8651', 'epoch': '2.96'}
{'loss': '0.5474', 'grad_norm': '0.5', 'learning_rate': '0.000135', 'entropy': '0.5222', 'num_tokens': '1.408e+05', 'mean_token_accuracy': '0.8688', 'epoch': '3'}
{'eval_loss': '0.6153', 'eval_runtime': '64.25', 'eval_samples_per_second': '0.778', 'eval_steps_per_second': '0.389', 'eval_entropy': '0.5763', 'eval_num_tokens': '1.408e+05', 'eval_mean_token_accuracy': '0.851', 'epoch': '3'}
{'loss': '0.5293', 'grad_norm': '0.2852', 'learning_rate': '0.00012', 'entropy': '0.5268', 'num_tokens': '1.561e+05', 'mean_token_accuracy': '0.8681', 'epoch': '3.32'}
{'loss': '0.5351', 'grad_norm': '0.3242', 'learning_rate': '0.000105', 'entropy': '0.5472', 'num_tokens': '1.71e+05', 'mean_token_accuracy': '0.8671', 'epoch': '3.64'}
{'loss': '0.5824', 'grad_norm': '0.3809', 'learning_rate': '9e-05', 'entropy': '0.6034', 'num_tokens': '1.857e+05', 'mean_token_accuracy': '0.8535', 'epoch': '3.96'}
{'loss': '0.5171', 'grad_norm': '0.5117', 'learning_rate': '7.5e-05', 'entropy': '0.5553', 'num_tokens': '1.877e+05', 'mean_token_accuracy': '0.8699', 'epoch': '4'}
{'eval_loss': '0.6056', 'eval_runtime': '64.49', 'eval_samples_per_second': '0.775', 'eval_steps_per_second': '0.388', 'eval_entropy': '0.5852', 'eval_num_tokens': '1.877e+05', 'eval_mean_token_accuracy': '0.8509', 'epoch': '4'}
{'loss': '0.4977', 'grad_norm': '0.3086', 'learning_rate': '6e-05', 'entropy': '0.538', 'num_tokens': '2.033e+05', 'mean_token_accuracy': '0.8716', 'epoch': '4.32'}
{'loss': '0.5603', 'grad_norm': '0.332', 'learning_rate': '4.5e-05', 'entropy': '0.5832', 'num_tokens': '2.181e+05', 'mean_token_accuracy': '0.8603', 'epoch': '4.64'}
{'loss': '0.5262', 'grad_norm': '0.2949', 'learning_rate': '3e-05', 'entropy': '0.5361', 'num_tokens': '2.327e+05', 'mean_token_accuracy': '0.8657', 'epoch': '4.96'}
{'loss': '0.4361', 'grad_norm': '0.6289', 'learning_rate': '1.5e-05', 'entropy': '0.4703', 'num_tokens': '2.347e+05', 'mean_token_accuracy': '0.8915', 'epoch': '5'}
{'eval_loss': '0.602', 'eval_runtime': '64.25', 'eval_samples_per_second': '0.778', 'eval_steps_per_second': '0.389', 'eval_entropy': '0.5557', 'eval_num_tokens': '2.347e+05', 'eval_mean_token_accuracy': '0.8522', 'epoch': '5'}
{'train_runtime': '2311', 'train_samples_per_second': '0.216', 'train_steps_per_second': '0.009', 'train_loss': '0.6258', 'epoch': '5'}
>> Exp 12 Finished | Validation Loss: 0.6020

================================================================================
RANK  | EXP ID   | LR       | EPOCHS   | BATCH    | EVAL LOSS    | TRAIN LOSS  
================================================================================
1     | 11       | 0.0003   | 5        | 24       | 0.5944       | 0.5958      
2     | 7        | 0.0002   | 5        | 24       | 0.6002       | 0.6180      
3     | 12       | 0.0003   | 5        | 32       | 0.6020       | 0.6258      
4     | 8        | 0.0002   | 5        | 32       | 0.6120       | 0.6461      
5     | 9        | 0.0003   | 3        | 24       | 0.6126       | 0.6715      
6     | 3        | 0.0001   | 5        | 24       | 0.6170       | 0.6723      
7     | 10       | 0.0003   | 3        | 32       | 0.6208       | 0.6984      
8     | 5        | 0.0002   | 3        | 24       | 0.6239       | 0.6920      
9     | 4        | 0.0001   | 5        | 32       | 0.6255       | 0.7040      
10    | 6        | 0.0002   | 3        | 32       | 0.6308       | 0.7216      
11    | 1        | 0.0001   | 3        | 24       | 0.6558       | 0.7617      
12    | 2        | 0.0001   | 3        | 32       | 0.6928       | 0.8031      
================================================================================
BEST CONFIGURATION: Experiment 11 with Eval Loss = 0.5944
Optimal Hyperparameters: LR=0.0003, Epochs=5, Effective Batch Size=24
